G28
G90
M302 S0
G0 X42.0 Y4
G90
G0 Z10
G91
G1 E10 F1000
G90
G0 Z50
G91
G1 E10 F1000
G90
G0 X100 Y100
G91
G1 E-10 F1000
G90
G0 X10 Y10
G91
G1 E10 F1000
G90
G0 X100 Y100
G91
G1 E-10 F1000
G90
G0 X10 Y10
G91
G1 E100 F1000
